[16:02:13] [main/INFO]: Loading Minecraft 1.21.11 with Fabric Loader 0.18.4
[16:02:13] [main/INFO]: Loading 51 mods:
	- fabric-api 0.141.2+1.21.11
	   |-- fabric-api-base 1.0.5+4ebb5c083e
	   |-- fabric-api-lookup-api-v1 1.6.113+1fb1cde93e
	   |-- fabric-biome-api-v1 17.1.1+4fc5413f3e
	   |-- fabric-block-api-v1 1.1.10+4ebb5c083e
	   |-- fabric-block-view-api-v2 1.0.39+4ebb5c083e
	   |-- fabric-command-api-v2 2.4.7+6b42a6003e
	   |-- fabric-content-registries-v0 10.2.14+4fc5413f3e
	   |-- fabric-convention-tags-v1 2.1.55+7f945d5b3e
	   |-- fabric-convention-tags-v2 2.17.3+8ef948ba3e
	   |-- fabric-crash-report-info-v1 0.3.23+4ebb5c083e
	   |-- fabric-data-attachment-api-v1 1.8.47+eed0806f3e
	   |-- fabric-data-generation-api-v1 23.4.0+69974c4e3e
	   |-- fabric-dimensions-v1 4.0.28+4fc5413f3e
	   |-- fabric-entity-events-v1 3.1.1+1d0ab4303e
	   |-- fabric-events-interaction-v0 4.1.0+3b89ecf63e
	   |-- fabric-game-rule-api-v1 2.0.3+4fc5413f3e
	   |-- fabric-item-api-v1 11.5.20+d0c46b9e3e
	   |-- fabric-item-group-api-v1 4.2.36+4fc5413f3e
	   |-- fabric-key-binding-api-v1 1.1.7+4fc5413f3e
	   |-- fabric-lifecycle-events-v1 2.6.15+4ebb5c083e
	   |-- fabric-loot-api-v2 3.0.73+3f89f5a53e
	   |-- fabric-loot-api-v3 2.0.20+78c8b4663e
	   |-- fabric-message-api-v1 6.1.12+4ebb5c083e
	   |-- fabric-model-loading-api-v1 6.0.14+4fc5413f3e
	   |-- fabric-networking-api-v1 5.1.5+ae1e07683e
	   |-- fabric-object-builder-api-v1 21.1.39+4fc5413f3e
	   |-- fabric-particles-v1 4.2.11+4fc5413f3e
	   |-- fabric-recipe-api-v1 8.2.3+4ebb5c083e
	   |-- fabric-registry-sync-v0 6.2.5+1718722b3e
	   |-- fabric-renderer-api-v1 8.0.2+f4ffd2e53e
	   |-- fabric-renderer-indigo 5.0.2+f4ffd2e53e
	   |-- fabric-rendering-fluids-v1 3.1.43+4ebb5c083e
	   |-- fabric-rendering-v1 16.2.9+7edacff13e
	   |-- fabric-resource-conditions-api-v1 5.0.35+4fc5413f3e
	   |-- fabric-resource-loader-v0 3.3.4+4fc5413f3e
	   |-- fabric-resource-loader-v1 1.0.10+78c8b4663e
	   |-- fabric-screen-api-v1 3.1.7+4ebb5c083e
	   |-- fabric-screen-handler-api-v1 1.3.161+4fc5413f3e
	   |-- fabric-serialization-api-v1 1.0.5+4ebb5c083e
	   |-- fabric-sound-api-v1 1.0.51+4fc5413f3e
	   |-- fabric-tag-api-v1 1.2.20+4fc5413f3e
	   |-- fabric-transfer-api-v1 6.0.24+4fc5413f3e
	   \-- fabric-transitive-access-wideners-v1 7.1.0+014c8cec3e
	- fabricloader 0.18.4
	   \-- mixinextras 0.5.0
	- ferritecore 8.2.0
	- java 25
	- krypton 0.2.10
	   \-- com_velocitypowered_velocity-native 3.4.0-SNAPSHOT
	- lithium 0.21.2+mc1.21.11
	- minecraft 1.21.11
	- oneblock 2.3.6
	- scalablelux 0.1.6+fabric.c25518a
	- skinrestorer 2.5.0+1.21.11-fabric
	   \-- org_mineskin_java-client 3.2.1-SNAPSHOT
	- vmp 0.2.0+beta.7.224+1.21.11
	   \-- com_ibm_async_asyncutil 0.1.0
[16:02:13] [main/INFO]: SpongePowered MIXIN Subsystem Version=0.8.7 Source=file:/workspaces/Server/oneBlock-fabric/libraries/net/fabricmc/sponge-mixin/0.17.0+mixin.0.8.7/sponge-mixin-0.17.0+mixin.0.8.7.jar Service=Knot/Fabric Env=SERVER
[16:02:13] [main/INFO]: Compatibility level set to JAVA_21
[16:02:13] [main/INFO]: Loaded configuration file for Lithium: 164 options available, 0 override(s) found.
[16:02:13] [main/WARN]: Reference map 'skinrestorer.refmap.json' for skinrestorer.mixins.json could not be read. If this is a development environment you can ignore this message
[16:02:13] [main/WARN]: Reference map 'skinrestorer.refmap.json' for skinrestorer.fabric.mixins.json could not be read. If this is a development environment you can ignore this message
[16:02:13] [main/INFO]: Successfully started async appender with [SysOut, ServerGuiConsole, Tracy, File]
[16:02:14] [main/INFO]: Initializing MixinExtras via com.llamalad7.mixinextras.service.MixinExtrasServiceImpl(version=0.5.0).
[16:02:21] [main/INFO]: Compression will use libdeflate (Linux x86_64), encryption will use OpenSSL 3.x.x (Linux x86_64)
[16:02:21] [main/INFO]: Krypton is now accelerating your Minecraft server's networking stack 🚀
[16:02:21] [main/INFO]: Environment: Environment[sessionHost=https://sessionserver.mojang.com, servicesHost=https://api.minecraftservices.com, profilesHost=https://api.mojang.com, name=PROD]
[16:02:24] [main/INFO]: Loaded 1474 recipes
[16:02:24] [main/INFO]: Loaded 1584 advancements
[16:02:24] [main/INFO]: Applied 0 biome modifications to 0 of 65 new biomes in 1.596 ms
[16:02:24] [Server thread/INFO]: Starting minecraft server version 1.21.11
[16:02:24] [Server thread/INFO]: Loading properties
[16:02:24] [Server thread/INFO]: Default game type: SURVIVAL
[16:02:24] [Server thread/INFO]: Generating keypair
[16:02:24] [Server thread/INFO]: Starting Minecraft server on *:25565
[16:02:24] [Server thread/WARN]: **** SERVER IS RUNNING IN OFFLINE/INSECURE MODE!
[16:02:24] [Server thread/WARN]: The server will make no attempt to authenticate usernames. Beware.
[16:02:24] [Server thread/WARN]: While this makes the game possible to play without internet access, it also opens up the ability for hackers to connect with any username they choose.
[16:02:24] [Server thread/WARN]: To change this, set "online-mode" to "true" in the server.properties file.
[16:02:24] [Server thread/INFO]: Preparing level "world"
[16:02:24] [Server thread/INFO]: Changing watch distance to 10
[16:02:25] [Server thread/INFO]: Changing watch distance to 10
[16:02:25] [Server thread/INFO]: Changing watch distance to 10
[16:02:25] [Server thread/INFO]: Changing watch distance to 10
[16:02:25] [Server thread/INFO]: Loading 0 persistent chunks...
[16:02:25] [Server thread/INFO]: Preparing spawn area: 100%
[16:02:25] [Server thread/INFO]: [STDOUT]: [ScalableLux] Lighting scaling is disabled (due to low parallelism in the settings)
[16:02:25] [Server thread/INFO]: Time elapsed: 48 ms
[16:02:25] [Server thread/INFO]: Done (0.440s)! For help, type "help"
[16:02:50] [Server thread/INFO]: Drazestorm[/127.243.50.165:33671] logged in with entity id 2 at (1000.5, 65.0, 0.5)
[16:02:50] [Server thread/INFO]: Drazestorm joined the game
[16:03:06] [Server thread/INFO]: Made Drazestorm a server operator
[16:03:26] [Server thread/INFO]: [Drazestorm: Gamerule players_sleeping_percentage is now set to: 0]
[16:03:44] [Server thread/INFO]: Made Drazestorm no longer a server operator
[16:03:51] [Server thread/INFO]: Drazestorm lost connection: Disconnected
[16:03:51] [Server thread/INFO]: Drazestorm left the game
[16:04:51] [Server thread/INFO]: Server empty for 60 seconds, pausing
[16:05:51] [Server thread/INFO]: Drazestorm[/127.243.50.165:41481] logged in with entity id 4 at (1000.5, 65.0, 0.5)
[16:05:51] [Server thread/INFO]: Drazestorm joined the game
[16:08:20] [Server thread/INFO]: Manendra[/127.49.97.59:53947] logged in with entity id 8 at (0.5, 65.0, 0.5)
[16:08:21] [Server thread/INFO]: Manendra joined the game
[16:08:51] [Server thread/INFO]: Drazestorm has made the advancement [Stone Age]
[16:09:11] [Server thread/INFO]: §a[OneBlock] Friendly wave: §e2§7 entities.
[16:10:56] [Server thread/INFO]: Drazestorm has made the advancement [Getting an Upgrade]
[16:13:27] [Server thread/INFO]: §a[OneBlock] Friendly wave: §e6§7 entities.
[16:15:39] [Server thread/INFO]: Drazestorm has made the advancement [Sweet Dreams]
[16:16:02] [Server thread/INFO]: ThroneS[/127.164.222.221:50127] logged in with entity id 138 at (0.5, 65.0, 0.5)
[16:16:03] [Server thread/INFO]: ThroneS joined the game
[16:16:16] [Server thread/INFO]: §a[OneBlock] Friendly wave: §e1§7 entities.
[16:16:36] [Server thread/INFO]: ThroneS has made the advancement [Stone Age]
[16:17:26] [Server thread/INFO]: Manendra has made the advancement [Stone Age]
[16:17:33] [Server thread/INFO]: §a[OneBlock] Friendly wave: §e5§7 entities.
[16:17:38] [Server thread/INFO]: §a[OneBlock] Friendly wave: §e6§7 entities.
[16:18:38] [Server thread/INFO]: §a[OneBlock] Friendly wave: §e3§7 entities.
[16:19:44] [Server thread/INFO]: §a[OneBlock] Friendly wave: §e3§7 entities.
[16:22:12] [Server thread/INFO]: §a[OneBlock] Friendly wave: §e5§7 entities.
[16:22:36] [Server thread/INFO]: §a[OneBlock] Friendly wave: §e4§7 entities.
[16:23:04] [Server thread/INFO]: §a[OneBlock] Friendly wave: §e3§7 entities.
[16:23:13] [Server thread/INFO]: Drazestorm has made the advancement [Acquire Hardware]
[16:25:09] [Server thread/INFO]: §a[OneBlock] Friendly wave: §e5§7 entities.
[16:25:58] [Server thread/INFO]: §a[OneBlock] Friendly wave: §e6§7 entities.
[16:26:36] [Server thread/INFO]: ThroneS was slain by Iron Golem
[16:26:58] [Server thread/INFO]: chira1785[/127.192.117.248:49559] logged in with entity id 687 at (0.5, 65.0, 0.5)
[16:26:58] [Server thread/INFO]: chira1785 joined the game
[16:27:01] [Server thread/INFO]: §a[OneBlock] Friendly wave: §e3§7 entities.
[16:27:04] [Server thread/INFO]: §a[OneBlock] Friendly wave: §e2§7 entities.
[16:27:31] [Server thread/INFO]: §a[OneBlock] Friendly wave: §e2§7 entities.
[16:28:04] [Server thread/INFO]: chira1785 has made the advancement [Stone Age]
[16:28:46] [Server thread/INFO]: ThroneS was slain by Iron Golem
[16:29:10] [Server thread/INFO]: ThroneS was slain by Iron Golem
[16:29:12] [Server thread/WARN]: ThroneS moved too quickly! -1000.0,0.0,0.0
[16:29:21] [Server thread/INFO]: ThroneS was slain by Iron Golem
[16:30:13] [Server thread/WARN]: ThroneS moved too quickly! -0.12177227971051252,-10.888469766782407,-0.1216409226759092
[16:30:16] [Server thread/WARN]: ThroneS moved too quickly! 0.0,-11.55895306230558,0.0
[16:30:19] [Server thread/WARN]: ThroneS moved too quickly! 0.0,-15.035772906733655,0.0
[16:30:20] [Server thread/WARN]: ThroneS moved too quickly! 0.0,-10.221069856431754,0.0
[16:30:22] [Server thread/WARN]: ThroneS moved too quickly! 0.0,-11.026982712340185,0.0
[16:30:24] [Server thread/WARN]: ThroneS moved too quickly! 0.0,-11.842011517166327,0.0
[16:30:25] [Server thread/INFO]: ThroneS fell out of the world
[16:30:27] [Server thread/WARN]: ThroneS moved too quickly! -1000.0,0.0,0.0
[16:30:31] [Server thread/INFO]: ThroneS was slain by Iron Golem
[16:30:34] [Server thread/WARN]: ThroneS moved too quickly! -1000.0,0.0,0.0
[16:30:39] [Server thread/INFO]: ThroneS was slain by Iron Golem
[16:30:43] [Server thread/WARN]: ThroneS moved too quickly! -1000.0,0.0,0.0
[16:30:50] [Server thread/INFO]: §a[OneBlock] Friendly wave: §e6§7 entities.
[16:33:03] [Server thread/INFO]: Manendra has made the advancement [Diamonds!]
[16:33:04] [Server thread/INFO]: chira1785 has made the advancement [Getting an Upgrade]
[16:33:15] [Server thread/INFO]: §a[OneBlock] Friendly wave: §e2§7 entities.
[16:33:21] [Server thread/INFO]: Manendra has made the advancement [Monster Hunter]
[16:33:46] [Server thread/INFO]: §a[OneBlock] Friendly wave: §e6§7 entities.
[16:34:13] [Server thread/INFO]: Drazestorm has made the advancement [Monster Hunter]
[16:34:29] [Server thread/INFO]: §a[OneBlock] Friendly wave: §e2§7 entities.
[16:35:10] [Server thread/INFO]: §a[OneBlock] Friendly wave: §e3§7 entities.
[16:36:38] [Server thread/INFO]: §a[OneBlock] Friendly wave: §e4§7 entities.
[16:36:56] [Server thread/INFO]: §a[OneBlock] Friendly wave: §e2§7 entities.
[16:38:14] [Server thread/INFO]: §a[OneBlock] Friendly wave: §e3§7 entities.
[16:38:25] [Server thread/INFO]: ThroneS has made the advancement [Getting an Upgrade]
[16:38:31] [Server thread/INFO]: §a[OneBlock] Friendly wave: §e4§7 entities.
[16:38:38] [Server thread/INFO]: §a[OneBlock] Friendly wave: §e1§7 entities.
[16:40:40] [Server thread/INFO]: §a[OneBlock] Friendly wave: §e6§7 entities.
[16:40:59] [Server thread/INFO]: §a[OneBlock] Friendly wave: §e2§7 entities.
[16:41:23] [Server thread/INFO]: §a[OneBlock] Friendly wave: §e1§7 entities.
[16:41:41] [Server thread/INFO]: §a[OneBlock] Friendly wave: §e4§7 entities.
[16:41:41] [Server thread/INFO]: §a[OneBlock] Friendly wave: §e6§7 entities.
[16:43:35] [Server thread/INFO]: §a[OneBlock] Friendly wave: §e2§7 entities.
[16:44:18] [Server thread/INFO]: §a[OneBlock] Friendly wave: §e5§7 entities.
[16:46:48] [Server thread/INFO]: chira1785 has made the advancement [Diamonds!]
[16:46:59] [Server thread/INFO]: §a[OneBlock] Friendly wave: §e2§7 entities.
[16:48:21] [Server thread/INFO]: §a[OneBlock] Friendly wave: §e2§7 entities.
[16:50:06] [Server thread/INFO]: chira1785 has made the advancement [Monster Hunter]
[16:50:48] [Server thread/INFO]: ThroneS has made the advancement [Monster Hunter]
[16:51:10] [Server thread/INFO]: ThroneS has made the advancement [Acquire Hardware]
[16:52:12] [Server thread/WARN]: ThroneS moved too quickly! 0.5555528869153932,-10.170797282908367,-0.06356758167557852
[16:52:14] [Server thread/WARN]: ThroneS moved too quickly! 0.0,-10.55224124370561,0.0
[16:52:19] [Server thread/INFO]: ThroneS fell out of the world
[16:52:54] [Server thread/WARN]: chira1785 moved too quickly! 0.14304802327169774,-10.542263135907525,0.0014384281889761041
[16:52:56] [Server thread/WARN]: chira1785 moved too quickly! 0.0,-11.523684986416672,0.0
[16:53:01] [Server thread/INFO]: chira1785 fell out of the world
[16:53:03] [Server thread/WARN]: chira1785 moved too quickly! 0.0,0.0,-1000.0
[16:54:09] [Server thread/INFO]: §a[OneBlock] Friendly wave: §e2§7 entities.
[16:54:25] [Server thread/INFO]: §a[OneBlock] Friendly wave: §e2§7 entities.
[16:55:49] [Server thread/INFO]: §a[OneBlock] Friendly wave: §e3§7 entities.
[16:57:14] [Server thread/INFO]: §a[OneBlock] Friendly wave: §e6§7 entities.
[16:58:48] [Server thread/INFO]: ThroneS has made the advancement [Diamonds!]
[16:59:22] [Server thread/INFO]: §a[OneBlock] Friendly wave: §e5§7 entities.
[16:59:58] [Server thread/INFO]: §a[OneBlock] Friendly wave: §e1§7 entities.
[17:00:26] [Server thread/INFO]: Manendra lost connection: Disconnected
[17:00:26] [Server thread/INFO]: Manendra left the game
[17:02:05] [Server thread/INFO]: §a[OneBlock] Friendly wave: §e2§7 entities.
[17:02:43] [Server thread/INFO]: §a[OneBlock] Friendly wave: §e2§7 entities.
[17:03:21] [Server thread/INFO]: §a[OneBlock] Friendly wave: §e6§7 entities.
[17:03:58] [Server thread/INFO]: chira1785 has made the advancement [Acquire Hardware]
[17:04:11] [Server thread/INFO]: chira1785 has made the advancement [Isn't It Iron Pick]
[17:05:41] [Server thread/INFO]: §a[OneBlock] Friendly wave: §e6§7 entities.
[17:06:41] [Server thread/INFO]: §a[OneBlock] Friendly wave: §e4§7 entities.
[17:07:20] [Server thread/WARN]: ThroneS moved too quickly! 0.08029597293898405,-10.542263135907525,0.27133142395899057
[17:07:25] [Server thread/INFO]: ThroneS fell out of the world
[17:07:53] [Server thread/INFO]: [Not Secure] <Drazestorm> 1000 1
[17:07:57] [Server thread/INFO]: §a[OneBlock] Friendly wave: §e4§7 entities.
[17:08:18] [Server thread/INFO]: Drazestorm lost connection: Disconnected
[17:08:18] [Server thread/INFO]: Drazestorm left the game
[17:08:30] [Server thread/INFO]: Drazestorm[/127.243.50.165:56827] logged in with entity id 3233 at (1000.8009720700461, 65.0, 1.4901354772112643)
[17:08:30] [Server thread/INFO]: Drazestorm joined the game
[17:08:35] [Server thread/INFO]: §a[OneBlock] Friendly wave: §e1§7 entities.
[17:10:20] [Server thread/INFO]: ThroneS lost connection: Disconnected
[17:10:20] [Server thread/INFO]: ThroneS left the game
[17:10:29] [Server thread/INFO]: ThroneS (5eb57731-4424-3ffa-9da0-62d5f8eaa573) lost connection: Disconnected
[17:10:37] [Server thread/INFO]: ThroneS[/127.164.222.221:53049] logged in with entity id 3361 at (-998.2419774054541, 65.0, 1.42674446012333)
[17:10:37] [Server thread/INFO]: ThroneS joined the game
[17:13:13] [Server thread/WARN]: ThroneS moved too quickly! 0.0,-16.58777159230271,0.0
[17:13:18] [Server thread/INFO]: ThroneS fell out of the world
[17:13:21] [Server thread/WARN]: ThroneS moved too quickly! -1000.0,0.0,0.0
[17:14:24] [Server thread/INFO]: ThroneS has made the advancement [Isn't It Iron Pick]
[17:16:54] [Server thread/INFO]: §a[OneBlock] Friendly wave: §e6§7 entities.
[17:19:01] [Server thread/INFO]: Manendra[/127.49.97.59:58493] logged in with entity id 3570 at (0.20226336316655252, 65.0, 999.8070773131465)
[17:19:01] [Server thread/INFO]: Manendra joined the game
[17:19:03] [Server thread/WARN]: ThroneS moved too quickly! 0.0,-16.39495117667147,0.0
[17:19:06] [Server thread/WARN]: ThroneS moved too quickly! 0.0,-14.321690065263297,0.0
[17:19:08] [Server thread/WARN]: ThroneS moved too quickly! 0.0,-11.026982712340185,0.0
[17:19:10] [Server thread/INFO]: ThroneS fell out of the world
[17:19:12] [Server thread/WARN]: ThroneS moved too quickly! -1000.0,0.0,0.0
[17:19:44] [Server thread/INFO]: §a[OneBlock] Friendly wave: §e3§7 entities.
[17:20:22] [Server thread/INFO]: §a[OneBlock] Friendly wave: §e5§7 entities.
[17:20:39] [Server thread/INFO]: chira1785 was slain by Enderman
[17:21:46] [Server thread/INFO]: Manendra has made the advancement [Acquire Hardware]
[17:29:07] [Server thread/INFO]: §a[OneBlock] Friendly wave: §e1§7 entities.
[17:30:08] [Server thread/INFO]: ThroneS lost connection: Disconnected
[17:30:08] [Server thread/INFO]: ThroneS left the game
[17:30:09] [Server thread/INFO]: §a[OneBlock] Friendly wave: §e3§7 entities.
[17:30:18] [Server thread/INFO]: §a[OneBlock] Friendly wave: §e6§7 entities.
[17:31:37] [Server thread/INFO]: §a[OneBlock] Friendly wave: §e5§7 entities.
[17:31:40] [Server thread/INFO]: §a[OneBlock] Friendly wave: §e3§7 entities.
[17:31:56] [Server thread/INFO]: §a[OneBlock] Friendly wave: §e4§7 entities.
[17:33:06] [Server thread/INFO]: Manendra lost connection: Disconnected
[17:33:06] [Server thread/INFO]: Manendra left the game
[17:33:19] [Server thread/INFO]: Drazestorm has made the advancement [Diamonds!]
[17:35:57] [Server thread/INFO]: §a[OneBlock] Friendly wave: §e4§7 entities.
[17:36:17] [Server thread/WARN]: chira1785 moved too quickly! 0.05051441208758556,-10.722248667987493,0.0018848042467993764
[17:36:19] [Server thread/WARN]: chira1785 moved too quickly! 0.0,-10.55224124370561,0.0
[17:36:21] [Server thread/WARN]: chira1785 moved too quickly! 0.0,-10.188594643186814,0.0
[17:36:23] [Server thread/WARN]: chira1785 moved too quickly! 0.0,-11.523684986416669,0.0
[17:36:25] [Server thread/WARN]: chira1785 moved too quickly! 0.0,-10.722248667987493,0.0
[17:36:30] [Server thread/INFO]: chira1785 fell out of the world
[17:38:03] [Server thread/INFO]: Manendra[/127.49.97.59:40367] logged in with entity id 4154 at (0.6747075470956966, 64.5, 997.1837748623615)
[17:38:03] [Server thread/INFO]: Manendra joined the game
[17:38:14] [Server thread/INFO]: /127.49.97.59:37549 lost connection: Timed out
[17:39:53] [Server thread/INFO]: Drazestorm lost connection: Disconnected
[17:39:53] [Server thread/INFO]: Drazestorm left the game
[17:40:00] [Server thread/INFO]: Manendra lost connection: Disconnected
[17:40:00] [Server thread/INFO]: Manendra left the game
[17:40:12] [Server thread/INFO]: Manendra[/127.49.97.59:35613] logged in with entity id 4258 at (6.588145597996892, 64.5, 996.5067891292764)
[17:40:12] [Server thread/INFO]: Manendra joined the game
[17:40:49] [Server thread/INFO]: Drazestorm[/127.243.50.165:40591] logged in with entity id 4280 at (1001.3132964628506, 65.0, 1.2642450792447208)
[17:40:49] [Server thread/INFO]: Drazestorm joined the game
[17:41:01] [ForkJoinPool.commonPool-worker-19/WARN]: Failed to fetch skin 'mojang:Nisarg08z'
java.lang.IllegalStateException: not found
	at knot//net.lionarius.skinrestorer.util.WebUtils.throwOnClientErrors(WebUtils.java:77)
	at knot//net.lionarius.skinrestorer.skin.provider.MojangSkinProvider.getProfile(MojangSkinProvider.java:145)
	at knot//net.lionarius.skinrestorer.skin.provider.MojangSkinProvider$1.findProfileByName(MojangSkinProvider.java:69)
	at knot//net.minecraft.class_3312.method_14509(class_3312.java:75)
	at knot//net.minecraft.class_3312.method_14515(class_3312.java:136)
	at knot//net.lionarius.skinrestorer.skin.provider.MojangSkinProvider.fetchSkin(MojangSkinProvider.java:116)
	at knot//net.minecraft.class_3248.mdbaa597$skinrestorer$lambda$skinrestorer$fetchSkin$1$1(class_3248.java:2085)
	at java.base/java.util.Optional.map(Optional.java:260)
	at knot//net.minecraft.class_3248.skinrestorer$fetchSkin(class_3248.java:2084)
	at knot//net.minecraft.class_3248.mdbaa597$skinrestorer$lambda$waitForSkin$0$2(class_3248.java:2069)
	at java.base/java.util.concurrent.CompletableFuture$AsyncSupply.run(CompletableFuture.java:1789)
	at java.base/java.util.concurrent.CompletableFuture$AsyncSupply.exec(CompletableFuture.java:1781)
	at java.base/java.util.concurrent.ForkJoinTask.doExec(ForkJoinTask.java:511)
	at java.base/java.util.concurrent.ForkJoinPool$WorkQueue.topLevelExec(ForkJoinPool.java:1450)
	at java.base/java.util.concurrent.ForkJoinPool.runWorker(ForkJoinPool.java:2019)
	at java.base/java.util.concurrent.ForkJoinWorkerThread.run(ForkJoinWorkerThread.java:187)
[17:41:04] [Server thread/INFO]: Nisarg08z[/127.193.59.100:38731] logged in with entity id 4296 at (0.5, 65.0, 0.5)
[17:41:04] [Server thread/INFO]: Nisarg08z joined the game
[17:41:14] [Server thread/INFO]: [Not Secure] <Drazestorm> Nisarg08z
[17:41:20] [Server thread/INFO]: [Not Secure] <Drazestorm> cord bol
[17:41:23] [Server thread/INFO]: [Not Secure] <Nisarg08z> 2000 65 0
[17:41:50] [Server thread/INFO]: Manendra lost connection: Disconnected
[17:41:50] [Server thread/INFO]: Manendra left the game
[17:42:01] [Server thread/INFO]: Nisarg08z has made the advancement [Stone Age]
[17:44:40] [Server thread/INFO]: §a[OneBlock] Friendly wave: §e3§7 entities.
[17:44:50] [Server thread/INFO]: §a[OneBlock] Friendly wave: §e5§7 entities.
[17:45:46] [Server thread/INFO]: §a[OneBlock] Friendly wave: §e2§7 entities.
[17:46:33] [Server thread/INFO]: §a[OneBlock] Friendly wave: §e2§7 entities.
[17:47:36] [Server thread/INFO]: §a[OneBlock] Friendly wave: §e5§7 entities.
[17:47:51] [Server thread/INFO]: Nisarg08z has made the advancement [Sweet Dreams]
[17:48:27] [Server thread/INFO]: [Not Secure] <Nisarg08z> wool j made 6e
[17:48:54] [Server thread/INFO]: §a[OneBlock] Friendly wave: §e2§7 entities.
[17:50:39] [Server thread/INFO]: Nisarg08z has made the advancement [Getting an Upgrade]
[17:50:49] [Server thread/INFO]: [Not Secure] <Nisarg08z> he he he
[17:51:31] [Server thread/INFO]: [Not Secure] <Nisarg08z> trim madiu
[17:51:50] [Server thread/INFO]: [Not Secure] <Nisarg08z> wordan vadu
[17:52:04] [Server thread/INFO]: [Not Secure] <Nisarg08z> ha
[17:52:06] [Server thread/INFO]: [Not Secure] <Nisarg08z> si
[17:53:24] [Server thread/INFO]: §a[OneBlock] Friendly wave: §e6§7 entities.
[17:53:34] [Server thread/INFO]: §a[OneBlock] Friendly wave: §e3§7 entities.
[17:53:55] [Server thread/INFO]: [Not Secure] <Nisarg08z> nop
[17:53:59] [Server thread/INFO]: [Not Secure] <Nisarg08z> ghare 6u
[17:54:33] [Server thread/WARN]: chira1785 moved too quickly! 0.48687196851157744,-10.408991223757717,0.21245997022586494
[17:54:35] [Server thread/WARN]: chira1785 moved too quickly! 0.0,-11.523684986416676,0.0
[17:54:36] [Server thread/WARN]: chira1785 moved too quickly! 0.0,-10.72224866798749,0.0
[17:54:38] [Server thread/WARN]: chira1785 moved too quickly! 0.0,-10.867409983895085,0.0
[17:54:40] [Server thread/WARN]: chira1785 moved too quickly! 0.0,-11.433643280623428,0.0
[17:54:43] [Server thread/WARN]: chira1785 moved too quickly! 0.0,-10.188594643186825,0.0
[17:54:46] [Server thread/WARN]: chira1785 moved too quickly! 0.0,-10.490796109027976,0.0
[17:54:50] [Server thread/INFO]: chira1785 fell out of the world
[17:54:55] [Server thread/INFO]: [Not Secure] <Nisarg08z> he he he
[17:56:07] [Server thread/INFO]: [Not Secure] <Nisarg08z> ketla todiya
[17:56:10] [Server thread/INFO]: Nisarg08z has made the advancement [Hot Stuff]
[17:56:17] [Server thread/INFO]: [Not Secure] <Nisarg08z> he he he
[17:56:33] [Server thread/INFO]: [Not Secure] <Nisarg08z> e to batave 6e
[17:56:37] [Server thread/INFO]: [Not Secure] <Drazestorm> ./oneblock leaderboard
[17:57:48] [Server thread/INFO]: §a[OneBlock] Friendly wave: §e1§7 entities.
[17:58:01] [Server thread/INFO]: Nisarg08z has made the advancement [Diamonds!]
[18:00:54] [Server thread/INFO]: Nisarg08z fell out of the world
[18:01:01] [Server thread/INFO]: [Not Secure] <Nisarg08z> na
[18:01:09] [Server thread/INFO]: [Not Secure] <Nisarg08z> yup
[18:02:08] [Server thread/INFO]: Nisarg08z was slain by Spider
[18:02:46] [Server thread/INFO]: Nisarg08z has made the advancement [Monster Hunter]
[18:03:44] [Server thread/INFO]: [Not Secure] <Nisarg08z> no idea
[18:03:56] [Server thread/WARN]: chira1785 moved too quickly! -0.2172207797017529,-10.556602614620111,-0.8826285517934522
[18:03:58] [Server thread/WARN]: chira1785 moved too quickly! 0.0,-10.552241243705609,0.0
[18:04:00] [Server thread/WARN]: chira1785 moved too quickly! 0.0,-10.408991223757717,0.0
[18:04:04] [Server thread/WARN]: chira1785 moved too quickly! 0.0,-17.62231890412292,0.0
[18:04:05] [Server thread/WARN]: chira1785 moved too quickly! 0.0,-10.556602614620076,0.0
[18:04:07] [Server thread/INFO]: chira1785 fell out of the world
[18:04:42] [Server thread/INFO]: Manendra[/127.49.97.59:49229] logged in with entity id 5387 at (0.8947640814375186, 64.5, 998.0293026757961)
[18:04:42] [Server thread/INFO]: Manendra joined the game
[18:05:02] [Server thread/INFO]: §a[OneBlock] Friendly wave: §e1§7 entities.
[18:05:35] [Server thread/INFO]: [Not Secure] <Nisarg08z> packed ice mathi water bane
[18:05:58] [Server thread/INFO]: §a[OneBlock] Friendly wave: §e5§7 entities.
[18:06:02] [Server thread/INFO]: [Not Secure] <Nisarg08z> blue ice mathi bane?
[18:07:54] [Server thread/INFO]: [Not Secure] <Nisarg08z> yup
[18:08:00] [Server thread/INFO]: [Not Secure] <Nisarg08z> hu jovu 6u
[18:08:10] [Server thread/INFO]: [Not Secure] <Nisarg08z> vlog
[18:08:28] [Server thread/INFO]: [Not Secure] <Nisarg08z> logggggggggy
[18:09:57] [Server thread/INFO]: Manendra lost connection: Disconnected
[18:09:57] [Server thread/INFO]: Manendra left the game
[18:12:18] [Server thread/INFO]: §a[OneBlock] Friendly wave: §e3§7 entities.
[18:12:22] [Server thread/INFO]: §a[OneBlock] Friendly wave: §e1§7 entities.
[18:12:54] [Server thread/INFO]: [Not Secure] <Nisarg08z> ok by
[18:12:56] [Server thread/INFO]: Nisarg08z lost connection: Disconnected
[18:12:56] [Server thread/INFO]: Nisarg08z left the game
[18:13:21] [Server thread/INFO]: §a[OneBlock] Friendly wave: §e1§7 entities.
[18:13:45] [Server thread/INFO]: §a[OneBlock] Friendly wave: §e5§7 entities.
[18:14:52] [Server thread/INFO]: §a[OneBlock] Friendly wave: §e4§7 entities.
[18:14:52] [Server thread/INFO]: Drazestorm has made the advancement [Hot Stuff]
[18:15:03] [Server thread/INFO]: §a[OneBlock] Friendly wave: §e2§7 entities.
[18:15:54] [Server thread/INFO]: §a[OneBlock] Friendly wave: §e6§7 entities.
[18:19:15] [Server thread/INFO]: Manendra[/127.49.97.59:44925] logged in with entity id 6215 at (-0.5959103008274907, 64.5, 1001.0605423292346)
[18:19:15] [Server thread/INFO]: Manendra joined the game
[18:19:51] [Server thread/WARN]: Drazestorm moved too quickly! -10.102204436240186,0.0,-0.002905610340631082
[18:20:45] [Server thread/INFO]: Manendra has made the advancement [Sweet Dreams]
[18:23:26] [Server thread/INFO]: §a[OneBlock] Friendly wave: §e5§7 entities.
[18:24:11] [Server thread/INFO]: §a[OneBlock] Friendly wave: §e2§7 entities.
[18:24:40] [Server thread/INFO]: Drazestorm fell out of the world
[18:24:58] [Server thread/INFO]: §a[OneBlock] Friendly wave: §e1§7 entities.
[18:25:19] [Server thread/INFO]: §a[OneBlock] Friendly wave: §e1§7 entities.
[18:26:03] [Server thread/INFO]: §a[OneBlock] Friendly wave: §e5§7 entities.
[18:26:09] [Server thread/INFO]: §a[OneBlock] Friendly wave: §e5§7 entities.
[18:27:38] [Server thread/INFO]: §a[OneBlock] Friendly wave: §e2§7 entities.
[18:30:14] [Server thread/INFO]: §a[OneBlock] Friendly wave: §e4§7 entities.
[18:30:33] [Server thread/INFO]: §a[OneBlock] Friendly wave: §e3§7 entities.
[18:30:51] [Server thread/INFO]: §a[OneBlock] Friendly wave: §e3§7 entities.
[18:31:12] [Server thread/INFO]: §a[OneBlock] Friendly wave: §e6§7 entities.
[18:31:15] [Server thread/INFO]: §a[OneBlock] Friendly wave: §e1§7 entities.
[18:31:26] [Server thread/INFO]: §a[OneBlock] Friendly wave: §e4§7 entities.
[18:33:56] [Server thread/INFO]: chira1785 has made the advancement [Sweet Dreams]
[18:35:47] [Server thread/INFO]: §a[OneBlock] Friendly wave: §e4§7 entities.
[18:36:04] [Server thread/INFO]: §a[OneBlock] Friendly wave: §e4§7 entities.
[18:37:07] [Server thread/INFO]: §a[OneBlock] Friendly wave: §e2§7 entities.
[18:41:25] [Server thread/INFO]: Manendra fell out of the world
[18:43:22] [Server thread/INFO]: §a[OneBlock] Friendly wave: §e2§7 entities.
[18:45:56] [Server thread/INFO]: §a[OneBlock] Friendly wave: §e6§7 entities.
[18:46:35] [Server thread/INFO]: §a[OneBlock] Friendly wave: §e4§7 entities.
[18:47:02] [Server thread/INFO]: §a[OneBlock] Friendly wave: §e6§7 entities.
[18:47:10] [Server thread/INFO]: §a[OneBlock] Friendly wave: §e5§7 entities.
[18:47:10] [Server thread/INFO]: §a[OneBlock] Friendly wave: §e6§7 entities.
[18:47:46] [Server thread/INFO]: §a[OneBlock] Friendly wave: §e6§7 entities.
[18:48:42] [Server thread/INFO]: Drazestorm lost connection: Disconnected
[18:48:42] [Server thread/INFO]: Drazestorm left the game
