[12:59:07] [main/INFO]: Loading Minecraft 1.21.11 with Fabric Loader 0.18.4
[12:59:07] [main/INFO]: Loading 50 mods:
	- fabric-api 0.141.2+1.21.11
	   |-- fabric-api-base 1.0.5+4ebb5c083e
	   |-- fabric-api-lookup-api-v1 1.6.113+1fb1cde93e
	   |-- fabric-biome-api-v1 17.1.1+4fc5413f3e
	   |-- fabric-block-api-v1 1.1.10+4ebb5c083e
	   |-- fabric-block-view-api-v2 1.0.39+4ebb5c083e
	   |-- fabric-command-api-v2 2.4.7+6b42a6003e
	   |-- fabric-content-registries-v0 10.2.14+4fc5413f3e
	   |-- fabric-convention-tags-v1 2.1.55+7f945d5b3e
	   |-- fabric-convention-tags-v2 2.17.3+8ef948ba3e
	   |-- fabric-crash-report-info-v1 0.3.23+4ebb5c083e
	   |-- fabric-data-attachment-api-v1 1.8.47+eed0806f3e
	   |-- fabric-data-generation-api-v1 23.4.0+69974c4e3e
	   |-- fabric-dimensions-v1 4.0.28+4fc5413f3e
	   |-- fabric-entity-events-v1 3.1.1+1d0ab4303e
	   |-- fabric-events-interaction-v0 4.1.0+3b89ecf63e
	   |-- fabric-game-rule-api-v1 2.0.3+4fc5413f3e
	   |-- fabric-item-api-v1 11.5.20+d0c46b9e3e
	   |-- fabric-item-group-api-v1 4.2.36+4fc5413f3e
	   |-- fabric-key-binding-api-v1 1.1.7+4fc5413f3e
	   |-- fabric-lifecycle-events-v1 2.6.15+4ebb5c083e
	   |-- fabric-loot-api-v2 3.0.73+3f89f5a53e
	   |-- fabric-loot-api-v3 2.0.20+78c8b4663e
	   |-- fabric-message-api-v1 6.1.12+4ebb5c083e
	   |-- fabric-model-loading-api-v1 6.0.14+4fc5413f3e
	   |-- fabric-networking-api-v1 5.1.5+ae1e07683e
	   |-- fabric-object-builder-api-v1 21.1.39+4fc5413f3e
	   |-- fabric-particles-v1 4.2.11+4fc5413f3e
	   |-- fabric-recipe-api-v1 8.2.3+4ebb5c083e
	   |-- fabric-registry-sync-v0 6.2.5+1718722b3e
	   |-- fabric-renderer-api-v1 8.0.2+f4ffd2e53e
	   |-- fabric-renderer-indigo 5.0.2+f4ffd2e53e
	   |-- fabric-rendering-fluids-v1 3.1.43+4ebb5c083e
	   |-- fabric-rendering-v1 16.2.9+7edacff13e
	   |-- fabric-resource-conditions-api-v1 5.0.35+4fc5413f3e
	   |-- fabric-resource-loader-v0 3.3.4+4fc5413f3e
	   |-- fabric-resource-loader-v1 1.0.10+78c8b4663e
	   |-- fabric-screen-api-v1 3.1.7+4ebb5c083e
	   |-- fabric-screen-handler-api-v1 1.3.161+4fc5413f3e
	   |-- fabric-serialization-api-v1 1.0.5+4ebb5c083e
	   |-- fabric-sound-api-v1 1.0.51+4fc5413f3e
	   |-- fabric-tag-api-v1 1.2.20+4fc5413f3e
	   |-- fabric-transfer-api-v1 6.0.24+4fc5413f3e
	   \-- fabric-transitive-access-wideners-v1 7.1.0+014c8cec3e
	- fabricloader 0.18.4
	   \-- mixinextras 0.5.0
	- ferritecore 8.2.0
	- java 25
	- krypton 0.2.10
	   \-- com_velocitypowered_velocity-native 3.4.0-SNAPSHOT
	- lithium 0.21.2+mc1.21.11
	- minecraft 1.21.11
	- scalablelux 0.1.6+fabric.c25518a
	- skinrestorer 2.5.0+1.21.11-fabric
	   \-- org_mineskin_java-client 3.2.1-SNAPSHOT
	- vmp 0.2.0+beta.7.224+1.21.11
	   \-- com_ibm_async_asyncutil 0.1.0
[12:59:07] [main/INFO]: SpongePowered MIXIN Subsystem Version=0.8.7 Source=file:/workspaces/Server/oneblock_multiplayer/libraries/net/fabricmc/sponge-mixin/0.17.0+mixin.0.8.7/sponge-mixin-0.17.0+mixin.0.8.7.jar Service=Knot/Fabric Env=SERVER
[12:59:07] [main/INFO]: Compatibility level set to JAVA_21
[12:59:08] [main/INFO]: Loaded configuration file for Lithium: 164 options available, 0 override(s) found.
[12:59:08] [main/WARN]: Reference map 'skinrestorer.refmap.json' for skinrestorer.mixins.json could not be read. If this is a development environment you can ignore this message
[12:59:08] [main/WARN]: Reference map 'skinrestorer.refmap.json' for skinrestorer.fabric.mixins.json could not be read. If this is a development environment you can ignore this message
[12:59:08] [main/INFO]: Successfully started async appender with [SysOut, ServerGuiConsole, Tracy, File]
[12:59:08] [main/INFO]: Initializing MixinExtras via com.llamalad7.mixinextras.service.MixinExtrasServiceImpl(version=0.5.0).
[12:59:15] [main/INFO]: Compression will use libdeflate (Linux x86_64), encryption will use OpenSSL 3.x.x (Linux x86_64)
[12:59:15] [main/INFO]: Krypton is now accelerating your Minecraft server's networking stack 🚀
[12:59:15] [main/INFO]: Environment: Environment[sessionHost=https://sessionserver.mojang.com, servicesHost=https://api.minecraftservices.com, profilesHost=https://api.mojang.com, name=PROD]
[12:59:17] [main/INFO]: Loaded 1470 recipes
[12:59:17] [main/ERROR]: Failed to load function mp-oneblock:player/stats-line
java.util.concurrent.CompletionException: java.lang.IllegalArgumentException: Whilst parsing command on line 7: Expected literal B at position 33: ..._viewer] [<--[HERE]
	at java.base/java.util.concurrent.CompletableFuture.wrapInCompletionException(CompletableFuture.java:323)
	at java.base/java.util.concurrent.CompletableFuture.encodeThrowable(CompletableFuture.java:359)
	at java.base/java.util.concurrent.CompletableFuture.completeThrowable(CompletableFuture.java:364)
	at java.base/java.util.concurrent.CompletableFuture$AsyncSupply.run(CompletableFuture.java:1791)
	at knot//net.minecraft.class_4014.method_67576(class_4014.java:51)
	at java.base/java.util.concurrent.ForkJoinTask$RunnableExecuteAction.compute(ForkJoinTask.java:1750)
	at java.base/java.util.concurrent.ForkJoinTask$RunnableExecuteAction.compute(ForkJoinTask.java:1742)
	at java.base/java.util.concurrent.ForkJoinTask$InterruptibleTask.exec(ForkJoinTask.java:1659)
	at java.base/java.util.concurrent.ForkJoinTask.doExec(ForkJoinTask.java:511)
	at java.base/java.util.concurrent.ForkJoinPool$WorkQueue.topLevelExec(ForkJoinPool.java:1450)
	at java.base/java.util.concurrent.ForkJoinPool.runWorker(ForkJoinPool.java:2019)
	at java.base/java.util.concurrent.ForkJoinWorkerThread.run(ForkJoinWorkerThread.java:187)
Caused by: java.lang.IllegalArgumentException: Whilst parsing command on line 7: Expected literal B at position 33: ..._viewer] [<--[HERE]
	at knot//net.minecraft.class_2158.method_9195(class_2158.java:80)
	at knot//net.minecraft.class_5349.method_29451(class_5349.java:85)
	at java.base/java.util.concurrent.CompletableFuture$AsyncSupply.run(CompletableFuture.java:1789)
	... 8 more
[12:59:17] [main/INFO]: Loaded 1584 advancements
[12:59:18] [main/INFO]: Applied 0 biome modifications to 0 of 65 new biomes in 1.435 ms
[12:59:18] [Server thread/INFO]: Starting minecraft server version 1.21.11
[12:59:18] [Server thread/INFO]: Loading properties
[12:59:18] [Server thread/INFO]: Default game type: SURVIVAL
[12:59:18] [Server thread/INFO]: Generating keypair
[12:59:18] [Server thread/INFO]: Starting Minecraft server on *:25565
[12:59:18] [Server thread/WARN]: **** SERVER IS RUNNING IN OFFLINE/INSECURE MODE!
[12:59:18] [Server thread/WARN]: The server will make no attempt to authenticate usernames. Beware.
[12:59:18] [Server thread/WARN]: While this makes the game possible to play without internet access, it also opens up the ability for hackers to connect with any username they choose.
[12:59:18] [Server thread/WARN]: To change this, set "online-mode" to "true" in the server.properties file.
[12:59:18] [Server thread/INFO]: Preparing level "world"
[12:59:18] [Server thread/INFO]: Changing watch distance to 10
[12:59:18] [Server thread/INFO]: Changing watch distance to 10
[12:59:18] [Server thread/INFO]: Changing watch distance to 10
[12:59:18] [Server thread/INFO]: Loading 0 persistent chunks...
[12:59:18] [Server thread/INFO]: [STDOUT]: [ScalableLux] Lighting scaling is disabled (due to low parallelism in the settings)
[12:59:18] [Server thread/INFO]: Time elapsed: 11 ms
[12:59:18] [Server thread/INFO]: Done (0.305s)! For help, type "help"
